// Jest Snapshot v1, https://goo.gl/fbAQLP

exports[`Retail Test -- Snapshot capturing snapshot of Carousel 1`] = `
<div>
  <div
    className="title"
  />
  <div
    className="carouselImage"
  >
    <Carousel
      autoPlay={false}
      axis="horizontal"
      centerMode={false}
      centerSlidePercentage={80}
      dynamicHeight={false}
      emulateTouch={false}
      infiniteLoop={false}
      interval={3000}
      onChange={[Function]}
      onClickItem={[Function]}
      onClickThumb={[Function]}
      selectedItem={0}
      showArrows={true}
      showIndicators={true}
      showStatus={true}
      showThumbs={true}
      statusFormatter={[Function]}
      stopOnHover={true}
      swipeScrollTolerance={5}
      transitionTime={350}
      useKeyboardArrows={false}
      verticalSwipe="standard"
      width="100%"
    >
      
    </Carousel>
  </div>
</div>
`;
